hello1
hello1
hello1
hello2
hello2
hello2
hello2
2
3
4
