Voltage Drop: 2.500000V
Power (watts): 125.000000W
Voltage Drop: 0.008750V
Power (watts): 0.437500W
Voltage Drop: 2.500000V
Power (watts): 125.000000W
Voltage Drop: 8750.000000V
Power (watts): 437500.000000W
