in: "1y"; time: 31536000; out: 1y00:00:00
in: "1y1d"; time: 31622400; out: 1y1d00:00:00
in: "1:0:0"; time: 3600; out: 01:00:00
in: "0:0:0"; time: 0; out: 00:00:00
in: "0"; time: 0; out: 00:00:00
in: "1.1"; time: 1.100000; out: 00:00:01.100000
in: "0:1"; time: 1; out: 00:00:01
in: "1:0"; time: 60; out: 00:01:00
in: "0:0:1"; time: 1; out: 00:00:01
in: "0:1:0"; time: 60; out: 00:01:00
in: "1:0:0"; time: 3600; out: 01:00:00
in: "45"; time: 45; out: 00:00:45
in: "100"; time: 100; out: 00:01:40
in: "1y1d0:1:0"; time: 31622460; out: 1y1d00:01:00
in: "1y 0:1:0"; time: 31536060; out: 1y00:01:00
00:05:00
03:05:04
